[LOG] System::create                           : Header version = 2.01.07. Current version = 2.01.07.
[LOG] Manager::init                            : maxchannels = 256 studioflags = 00000006 flags 00000000 extradriverdata 0000000000000000.
[LOG] SystemI::init                            : Initialize version=20107 (113487), maxchannels=256, flags=0x00020000
[LOG] SystemI::setOutputInternal               : Setting output to 'FMOD WASAPI Output'
[LOG] OutputWASAPI::init                       : Mix Format (WAVEFORMATEX): wFormatTag=0xFFFE, nChannels=2, nSamplesPerSec=48000, nAvgBytesPerSec=384000, nBlockAlign=8, wBitsPerSample=32, cbSize=22.
[LOG] OutputWASAPI::init                       : Mix Format (WAVEFORMATEXTENSIBLE): wValidBitsPerSample=32, dwChannelMask=0x00000003, SubFormat=00000003-0000-0010-8000-00AA00389B71.
[LOG] OutputWASAPI::init                       : Output buffer size: 4096 samples, latency: 0.00ms, period: 10.00ms, DSP buffer: 1024 * 4
[LOG] Thread::initThread                       : Init FMOD stream thread. Affinity: 0x8000000000000003, Priority: 0xFFFF7FFB, Stack Size: 98304, Semaphore: No, Sleep Time: 10, Looping: Yes.
[LOG] Thread::initThread                       : Init FMOD mixer thread. Affinity: 0x8000000000000001, Priority: 0xFFFF7FFA, Stack Size: 81920, Semaphore: No, Sleep Time: 0, Looping: Yes.
[LOG] AsyncManager::init                       : manager 000001373E2B9298 isAsync 0 updatePeriod 0.02
[LOG] AsyncManager::init                       : done
[LOG] PlaybackSystem::init                     : 
[LOG] Thread::initThread                       : Init FMOD Studio sample load thread. Affinity: 0x8000000000000003, Priority: 0xFFFF7FFD, Stack Size: 98304, Semaphore: No, Sleep Time: 1, Looping: No.
[LOG] PlaybackSystem::init                     : done
[LOG] Thread::initThread                       : Init FMOD Studio bank load thread. Affinity: 0x8000000000000003, Priority: 0xFFFF7FFD, Stack Size: 98304, Semaphore: No, Sleep Time: 1, Looping: No.
[LOG] Manager::init                            : done.
[LOG] SystemI::createSoundInternal             : Create name='', mode=0x02000202
[LOG] SystemI::createSoundInternal             : exinfo->cbsize             = 224
[LOG] SystemI::createSoundInternal             : exinfo->length             = 18396704
[LOG] SystemI::createSoundInternal             : exinfo->fileoffset         = 47424
[LOG] SystemI::createSoundInternal             : exinfo->numsubsounds       = 1
[LOG] SystemI::createSoundInternal             : exinfo->inclusionlist      = 0000000AF8D4EEB8
[LOG] SystemI::createSoundInternal             : exinfo->inclusionlistnum   = 1
[LOG] SystemI::createSoundInternal             : exinfo->suggestedsoundtype = 5
[LOG] SystemI::createSoundInternal             : exinfo->useropen           = 00007FFBD20B7B10
[LOG] SystemI::createSoundInternal             : exinfo->userclose          = 00007FFBD20B7AE0
[LOG] SystemI::createSoundInternal             : exinfo->userread           = 00007FFBD20B7BE0
[LOG] SystemI::createSoundInternal             : exinfo->userseek           = 00007FFBD20B7CA0
[LOG] SystemI::createSoundInternal             : exinfo->fileuserdata       = 00000136863FD018
[LOG] SystemI::createSoundInternal             : exinfo->initialseekpostype = 1
[LOG] SystemI::DSPCodecPoolRegister            : register codec pool for pool type 5
[LOG] SystemI::createSoundInternal             : Sample 0/1: name='UI_Menu_Hover', format=5, channels=2, frequency=48000, lengthbytes=8096, lengthpcm=8167, pcmblocksize=0, loopstart=0, loopend=0, mode=0x00000000, channelmask=0x00000000, channelorder=0, peakvolume=0.398041.
[LOG] SystemI::createSoundInternal             : Create name='', mode=0x02000202
[LOG] SystemI::createSoundInternal             : exinfo->cbsize             = 224
[LOG] SystemI::createSoundInternal             : exinfo->length             = 18396704
[LOG] SystemI::createSoundInternal             : exinfo->fileoffset         = 47424
[LOG] SystemI::createSoundInternal             : exinfo->numsubsounds       = 1
[LOG] SystemI::createSoundInternal             : exinfo->inclusionlist      = 0000000AF8D4EEB8
[LOG] SystemI::createSoundInternal             : exinfo->inclusionlistnum   = 1
[LOG] SystemI::createSoundInternal             : exinfo->suggestedsoundtype = 5
[LOG] SystemI::createSoundInternal             : exinfo->useropen           = 00007FFBD20B7B10
[LOG] SystemI::createSoundInternal             : exinfo->userclose          = 00007FFBD20B7AE0
[LOG] SystemI::createSoundInternal             : exinfo->userread           = 00007FFBD20B7BE0
[LOG] SystemI::createSoundInternal             : exinfo->userseek           = 00007FFBD20B7CA0
[LOG] SystemI::createSoundInternal             : exinfo->fileuserdata       = 00000134086D7A18
[LOG] SystemI::createSoundInternal             : exinfo->initialseekpostype = 1
[LOG] SystemI::DSPCodecPoolRegister            : register codec pool for pool type 5
[LOG] SystemI::createSoundInternal             : Sample 0/1: name='UI_Menu_Click', format=5, channels=2, frequency=48000, lengthbytes=14688, lengthpcm=22291, pcmblocksize=0, loopstart=0, loopend=0, mode=0x00000000, channelmask=0x00000000, channelorder=0, peakvolume=0.376740.
[LOG] SystemI::createSound                     : filename = Assets/Plugins/FMOD/SOUNDBANKS/Desktop/Master.bank : mode 02010082
[LOG] SystemI::createSound                     : FMOD_NONBLOCKING specified.  Putting into queue to be opened asynchronously!
[LOG] SystemI::createSound                     : setdata soundi = 0000013772E0CFE8 : node = 000001373253F7E0
[LOG] SystemI::createSound                     : add node to async list : head = 0000013491A727D8.  list count = 0
[LOG] AsyncThread::threadFunc                  : Starting Asynchronous operation on sound 0000013772E0CFE8
[LOG] SystemI::createSoundInternal             :     Create name='Assets/Plugins/FMOD/SOUNDBANKS/Desktop/Master.bank', mode=0x02010082
[LOG] SystemI::createSoundInternal             :     exinfo->cbsize             = 224
[LOG] SystemI::createSoundInternal             :     exinfo->length             = 18396704
[LOG] SystemI::createSoundInternal             :     exinfo->fileoffset         = 47424
[LOG] SystemI::createSoundInternal             :     exinfo->numsubsounds       = 1
[LOG] SystemI::createSoundInternal             :     exinfo->inclusionlist      = 000001373253F8F0
[LOG] SystemI::createSoundInternal             :     exinfo->inclusionlistnum   = 1
[LOG] SystemI::createSoundInternal             :     exinfo->suggestedsoundtype = 5
[LOG] SystemI::createSoundInternal             :     exinfo->initialseekpostype = 1
[LOG] SystemI::createSoundInternal             :     Stream 0/1: name='sitary', format=5, channels=2, frequency=48000, lengthbytes=1628832, lengthpcm=2513455, pcmblocksize=0, loopstart=0, loopend=0, mode=0x00000000, channelmask=0x00000000, channelorder=0, peakvolume=0.590531.
[LOG] AsyncThread::threadFunc                  : Finished Asynchronous operation on sound 0000013772E0CFE8
[LOG] SoundI::release                          : soothing uke (0000013408CDDE08)
[LOG] SoundI::release                          :     soothing uke (00000137722540A8)
[LOG] SoundI::release                          :     soothing uke (0000013772E0D348)
[LOG] SystemI::createSound                     : filename = Assets/Plugins/FMOD/SOUNDBANKS/Desktop/Master.bank : mode 02010082
[LOG] SystemI::createSound                     : FMOD_NONBLOCKING specified.  Putting into queue to be opened asynchronously!
[LOG] SystemI::createSound                     : setdata soundi = 0000013772E0D348 : node = 00000137325400A0
[LOG] SystemI::createSound                     : add node to async list : head = 0000013491A727D8.  list count = 0
[LOG] AsyncThread::threadFunc                  : Starting Asynchronous operation on sound 0000013772E0D348
[LOG] SystemI::createSoundInternal             :     Create name='Assets/Plugins/FMOD/SOUNDBANKS/Desktop/Master.bank', mode=0x02010082
[LOG] SystemI::createSoundInternal             :     exinfo->cbsize             = 224
[LOG] SystemI::createSoundInternal             :     exinfo->length             = 18396704
[LOG] SystemI::createSoundInternal             :     exinfo->fileoffset         = 47424
[LOG] SystemI::createSoundInternal             :     exinfo->numsubsounds       = 1
[LOG] SystemI::createSoundInternal             :     exinfo->inclusionlist      = 00000137325401B0
[LOG] SystemI::createSoundInternal             :     exinfo->inclusionlistnum   = 1
[LOG] SystemI::createSoundInternal             :     exinfo->suggestedsoundtype = 5
[LOG] SystemI::createSoundInternal             :     exinfo->initialseekpostype = 1
[LOG] SystemI::createSoundInternal             :     Stream 0/1: name='PS_BaseOutlands', format=5, channels=2, frequency=48000, lengthbytes=3812544, lengthpcm=9975288, pcmblocksize=0, loopstart=0, loopend=0, mode=0x00000000, channelmask=0x00000000, channelorder=0, peakvolume=0.641675.
[LOG] AsyncThread::threadFunc                  : Finished Asynchronous operation on sound 0000013772E0D348
[LOG] SoundI::release                          : sitary (0000013772E0CFE8)
[LOG] SoundI::release                          :     sitary (00000136A6CB97E8)
[LOG] SoundI::release                          :     sitary (000001390DF98A18)
[LOG] SystemI::createSoundInternal             : Create name='', mode=0x02000202
[LOG] SystemI::createSoundInternal             : exinfo->cbsize             = 224
[LOG] SystemI::createSoundInternal             : exinfo->length             = 18396704
[LOG] SystemI::createSoundInternal             : exinfo->fileoffset         = 47424
[LOG] SystemI::createSoundInternal             : exinfo->numsubsounds       = 1
[LOG] SystemI::createSoundInternal             : exinfo->inclusionlist      = 0000000AF8D4EEB8
[LOG] SystemI::createSoundInternal             : exinfo->inclusionlistnum   = 1
[LOG] SystemI::createSoundInternal             : exinfo->suggestedsoundtype = 5
[LOG] SystemI::createSoundInternal             : exinfo->useropen           = 00007FFBD20B7B10
[LOG] SystemI::createSoundInternal             : exinfo->userclose          = 00007FFBD20B7AE0
[LOG] SystemI::createSoundInternal             : exinfo->userread           = 00007FFBD20B7BE0
[LOG] SystemI::createSoundInternal             : exinfo->userseek           = 00007FFBD20B7CA0
[LOG] SystemI::createSoundInternal             : exinfo->fileuserdata       = 00000136863F9868
[LOG] SystemI::createSoundInternal             : exinfo->initialseekpostype = 1
[LOG] SystemI::DSPCodecPoolRegister            : register codec pool for pool type 5
[LOG] SystemI::createSoundInternal             : Sample 0/1: name='UI_Card_Hover', format=5, channels=1, frequency=48000, lengthbytes=5600, lengthpcm=14489, pcmblocksize=0, loopstart=0, loopend=0, mode=0x00000000, channelmask=0x00000000, channelorder=0, peakvolume=0.024231.
[LOG] SystemI::createSoundInternal             : Create name='', mode=0x02000202
[LOG] SystemI::createSoundInternal             : exinfo->cbsize             = 224
[LOG] SystemI::createSoundInternal             : exinfo->length             = 18396704
[LOG] SystemI::createSoundInternal             : exinfo->fileoffset         = 47424
[LOG] SystemI::createSoundInternal             : exinfo->numsubsounds       = 1
[LOG] SystemI::createSoundInternal             : exinfo->inclusionlist      = 0000000AF8D4EEB8
[LOG] SystemI::createSoundInternal             : exinfo->inclusionlistnum   = 1
[LOG] SystemI::createSoundInternal             : exinfo->suggestedsoundtype = 5
[LOG] SystemI::createSoundInternal             : exinfo->useropen           = 00007FFBD20B7B10
[LOG] SystemI::createSoundInternal             : exinfo->userclose          = 00007FFBD20B7AE0
[LOG] SystemI::createSoundInternal             : exinfo->userread           = 00007FFBD20B7BE0
[LOG] SystemI::createSoundInternal             : exinfo->userseek           = 00007FFBD20B7CA0
[LOG] SystemI::createSoundInternal             : exinfo->fileuserdata       = 0000013771A25F08
[LOG] SystemI::createSoundInternal             : exinfo->initialseekpostype = 1
[LOG] SystemI::DSPCodecPoolRegister            : register codec pool for pool type 5
[LOG] SystemI::createSoundInternal             : Sample 0/1: name='UI_Card_Pickup', format=5, channels=2, frequency=48000, lengthbytes=10592, lengthpcm=16161, pcmblocksize=0, loopstart=0, loopend=0, mode=0x00000000, channelmask=0x00000000, channelorder=0, peakvolume=0.185272.
[LOG] SystemI::createSoundInternal             : Create name='', mode=0x02000202
[LOG] SystemI::createSoundInternal             : exinfo->cbsize             = 224
[LOG] SystemI::createSoundInternal             : exinfo->length             = 18396704
[LOG] SystemI::createSoundInternal             : exinfo->fileoffset         = 47424
[LOG] SystemI::createSoundInternal             : exinfo->numsubsounds       = 1
[LOG] SystemI::createSoundInternal             : exinfo->inclusionlist      = 0000000AF8D4EEB8
[LOG] SystemI::createSoundInternal             : exinfo->inclusionlistnum   = 1
[LOG] SystemI::createSoundInternal             : exinfo->suggestedsoundtype = 5
[LOG] SystemI::createSoundInternal             : exinfo->useropen           = 00007FFBD20B7B10
[LOG] SystemI::createSoundInternal             : exinfo->userclose          = 00007FFBD20B7AE0
[LOG] SystemI::createSoundInternal             : exinfo->userread           = 00007FFBD20B7BE0
[LOG] SystemI::createSoundInternal             : exinfo->userseek           = 00007FFBD20B7CA0
[LOG] SystemI::createSoundInternal             : exinfo->fileuserdata       = 0000013771A26D78
[LOG] SystemI::createSoundInternal             : exinfo->initialseekpostype = 1
[LOG] SystemI::DSPCodecPoolRegister            : register codec pool for pool type 5
[LOG] SystemI::createSoundInternal             : Sample 0/1: name='PS_SFX_LoadVessel', format=5, channels=2, frequency=48000, lengthbytes=74752, lengthpcm=114581, pcmblocksize=0, loopstart=0, loopend=0, mode=0x00000000, channelmask=0x00000000, channelorder=0, peakvolume=1.000000.
[LOG] SoundI::release                          : PS_BaseOutlands (0000013772E0D348)
[LOG] SoundI::release                          :     PS_BaseOutlands (0000013683591D58)
[LOG] SoundI::release                          :     PS_BaseOutlands (0000013771678FA8)
[LOG] SoundI::release                          :  (00000139A6FA71D8)
[LOG] SoundI::release                          :     UI_Menu_Hover (0000013681D80E08)
[LOG] SoundI::release                          :  (00000137A26C5788)
[LOG] SoundI::release                          :     UI_Card_Hover (0000013407E66A48)
[LOG] SoundI::release                          :  (000001373DFE8708)
[LOG] SoundI::release                          :     UI_Card_Pickup (00000136A6CB9988)
[LOG] SoundI::release                          :  (000001373DFE82B8)
[LOG] SoundI::release                          :     PS_SFX_LoadVessel (00000136A6CB97E8)
[LOG] SoundI::release                          :  (000001368588B088)
[LOG] SoundI::release                          :     UI_Menu_Click (000001368358EC98)
[LOG] Thread::callback                         : FMOD Studio update thread finished.
[LOG] Thread::callback                         : FMOD Studio bank load thread finished.
[LOG] Profile::disconnectAll                   : Profiler disconnecting all clients
[LOG] Thread::callback                         : FMOD Studio sample load thread finished.
[LOG] LiveUpdate::release                      : 
[LOG] LiveUpdate::reset                        : Reset connection (reason Disconnected)
[LOG] Thread::callback                         : FMOD stream thread finished.
[LOG] Thread::callback                         : FMOD mixer thread finished.
[LOG] Profile::disconnectAll                   : Profiler disconnecting all clients
[LOG] SystemI::close                           : Closed.
[LOG] Thread::callback                         : FMOD Studio bank load thread finished.
[LOG] Thread::callback                         : FMOD Studio sample load thread finished.
[LOG] LiveUpdate::release                      : 
[LOG] LiveUpdate::reset                        : Reset connection (reason Disconnected)
[LOG] Thread::callback                         : FMOD stream thread finished.
[LOG] Thread::callback                         : FMOD mixer thread finished.
[LOG] SystemI::close                           : Closed.
[LOG] Thread::callback                         : FMOD nonblocking thread (0) finished.
[LOG] Thread::callback                         : FMOD file thread finished.
